<html>
<body>
<pre>
<h1>礦ision Build Log</h1>
<h2>Tool Versions:</h2>
IDE-Version: μVision V5.14.1
Copyright (C) 2015 ARM Ltd and ARM Germany GmbH. All rights reserved.
License Information: Cortex-M4, shandong, LIC=NQQBS-LW4JF-ZWX2V-PZWR1-MY3SR-RYVXN
 
Tool Versions:
Toolchain:       MDK-ARM Standard  Version: 5.14.0.0
Toolchain Path:  D:\keilu5\ARM\ARMCC\Bin
C Compiler:      Armcc.exe V5.05 update 1 (build 106)
Assembler:       Armasm.exe V5.05 update 1 (build 106)
Linker/Locator:  ArmLink.exe V5.05 update 1 (build 106)
Library Manager: ArmAr.exe V5.05 update 1 (build 106)
Hex Converter:   FromElf.exe V5.05 update 1 (build 106)
CPU DLL:         SARMCM3.DLL V5.14.0.0
Dialog DLL:      DCM.DLL V1.13.1.0
Target DLL:      Segger\JL2CM3.dll V2.99.13.0
Dialog DLL:      TCM.DLL V1.14.4.0
 
<h2>Project:</h2>
I:\资料\学习资料\STM\探索者STM32F4光盘资料\探索者STM32F4光盘资料\4，程序源码\1，标准例程-寄存器版本\1，标准例程-寄存器版本\实验4 串口通信实验\USER\TEST.uvprojx
Project File Date:  08/09/2015

<h2>Output:</h2>
*** Using Compiler 'V5.05 update 1 (build 106)', folder: 'D:\keilu5\ARM\ARMCC\Bin'
Build target 'Target 1'
assembling startup_stm32f40_41xxx.s...
compiling test.c...
compiling delay.c...
compiling sys.c...
compiling usart.c...
compiling led.c...
linking...
Program Size: Code=2336 RO-data=424 RW-data=12 ZI-data=1324  
FromELF: creating hex file...
"..\OBJ\TEST.axf" - 0 Error(s), 0 Warning(s).

<h2>Collection of Component include folders:</h2>
  I:\资料\学习资料\STM\探索者STM32F4光盘资料\探索者STM32F4光盘资料\4，程序源码\1，标准例程-寄存器版本\1，标准例程-寄存器版本\实验4 串口通信实验\USER\RTE
  D:\keilu5\ARM\PACK\Keil\STM32F4xx_DFP\1.0.8\Device\Include

<h2>Collection of Component Files used:</h2>
</pre>
</body>
</html>
